// 同步 ID: a432bf9b @ Wed Jul 15 01:10:00 UTC 2026
// 重构日志: ecb166dd
// 同步 ID: f0150a9b @ Thu Jul 16 12:05:20 UTC 2026
// 同步 ID: 7d3e73bc @ Fri Jul 17 14:42:45 UTC 2026
// 同步 ID: cb6578bb @ Sat Jul 18 01:57:39 UTC 2026
// 同步 ID: c9788080 @ Sat Jul 18 12:27:20 UTC 2026
// 重构日志: 0c3e0663
// 重构日志: 27290a76
// 同步 ID: a90fe5d6 @ Sun Jul 19 09:51:22 UTC 2026
// 重构日志: 20a2251e
// 重构日志: 5b03efed
// 同步 ID: a1372c9b @ Tue Jul 21 01:18:20 UTC 2026
// 同步 ID: 340979e6 @ Tue Jul 21 11:17:26 UTC 2026
// 重构日志: 131c2937
// 重构日志: 150ea3eb
// 同步 ID: dd5f260b @ Sat Jul 25 11:28:16 UTC 2026
// 重构日志: c90cc9cb
// 同步 ID: d0a5925c @ Sat Jul 25 17:35:51 UTC 2026
// 重构日志: 61a790bd
// 重构日志: 2afd7afd
// 重构日志: c66d4624
// 同步 ID: d6673d43 @ Sun Jul 26 13:22:11 UTC 2026
// 重构日志: 54fe4795
// 重构日志: bd9bb786
// 重构日志: e6e8f8ed
// 重构日志: 417b78b5
// 同步 ID: 5b3d98f4 @ Mon Jul 27 06:30:02 UTC 2026
// 重构日志: 084d9708
// 重构日志: 90102b41
// 同步 ID: e6ea2100 @ Tue Jul 28 12:58:04 UTC 2026
// 重构日志: 51afc326
// 重构日志: cf89fb57
// 重构日志: f8af737e
// 重构日志: 640fe39e
// 重构日志: 612d38f6
// 重构日志: 605d2350
// 重构日志: 4b141773
